2026-09-27T16:00:00.000Z INFO api-gateway request routed order=ord_9001
2026-09-27T16:00:00.300Z INFO orders-service checkout started order=ord_9001
2026-09-27T16:00:00.800Z INFO payment-service gateway.charge succeeded order=ord_9001 latency=540ms
2026-09-27T16:00:00.900Z INFO db-pool transaction recorded order=ord_9001
2026-09-27T16:00:01.000Z INFO orders-service order saved order=ord_9001
2026-09-27T16:00:01.100Z INFO notify-worker confirmation email queued order=ord_9001
2026-09-27T16:03:10.000Z INFO api-gateway request routed order=ord_9010
2026-09-27T16:03:10.300Z INFO payment-service gateway.charge succeeded order=ord_9010 latency=490ms
2026-09-27T16:03:10.350Z ERROR db-pool connection pool exhausted order=ord_9010 code=POOL_EXHAUSTED active=5 max=5
2026-09-27T16:03:10.400Z ERROR payment-service transaction record failed order=ord_9010 code=POOL_EXHAUSTED
2026-09-27T16:03:10.500Z INFO notify-worker confirmation email queued order=ord_9010
2026-09-27T16:03:19.000Z INFO api-gateway request routed order=ord_9011
2026-09-27T16:03:19.300Z INFO payment-service gateway.charge succeeded order=ord_9011 latency=491ms
2026-09-27T16:03:19.350Z ERROR db-pool connection pool exhausted order=ord_9011 code=POOL_EXHAUSTED active=5 max=5
2026-09-27T16:03:28.000Z INFO api-gateway request routed order=ord_9012
2026-09-27T16:03:28.300Z INFO payment-service gateway.charge succeeded order=ord_9012 latency=492ms
2026-09-27T16:03:28.350Z ERROR db-pool connection pool exhausted order=ord_9012 code=POOL_EXHAUSTED active=5 max=5
2026-09-27T16:03:37.000Z INFO api-gateway request routed order=ord_9013
2026-09-27T16:03:37.300Z INFO payment-service gateway.charge succeeded order=ord_9013 latency=493ms
2026-09-27T16:03:37.350Z ERROR db-pool connection pool exhausted order=ord_9013 code=POOL_EXHAUSTED active=5 max=5
2026-09-27T16:03:46.000Z INFO api-gateway request routed order=ord_9014
2026-09-27T16:03:46.300Z INFO payment-service gateway.charge succeeded order=ord_9014 latency=494ms
2026-09-27T16:03:46.350Z ERROR db-pool connection pool exhausted order=ord_9014 code=POOL_EXHAUSTED active=5 max=5
2026-09-27T16:03:46.400Z ERROR payment-service transaction record failed order=ord_9014 code=POOL_EXHAUSTED
2026-09-27T16:03:55.000Z INFO api-gateway request routed order=ord_9015
2026-09-27T16:03:55.300Z INFO payment-service gateway.charge succeeded order=ord_9015 latency=495ms
2026-09-27T16:03:55.350Z ERROR db-pool connection pool exhausted order=ord_9015 code=POOL_EXHAUSTED active=5 max=5
2026-09-27T16:03:55.500Z INFO notify-worker confirmation email queued order=ord_9015
2026-09-27T16:04:04.000Z INFO api-gateway request routed order=ord_9016
2026-09-27T16:04:04.300Z INFO payment-service gateway.charge succeeded order=ord_9016 latency=496ms
2026-09-27T16:04:04.350Z ERROR db-pool connection pool exhausted order=ord_9016 code=POOL_EXHAUSTED active=5 max=5
2026-09-27T16:04:13.000Z INFO api-gateway request routed order=ord_9017
2026-09-27T16:04:13.300Z INFO payment-service gateway.charge succeeded order=ord_9017 latency=497ms
2026-09-27T16:04:13.350Z ERROR db-pool connection pool exhausted order=ord_9017 code=POOL_EXHAUSTED active=5 max=5
2026-09-27T16:04:22.000Z INFO api-gateway request routed order=ord_9018
2026-09-27T16:04:22.300Z INFO payment-service gateway.charge succeeded order=ord_9018 latency=498ms
2026-09-27T16:04:22.350Z ERROR db-pool connection pool exhausted order=ord_9018 code=POOL_EXHAUSTED active=5 max=5
2026-09-27T16:04:22.400Z ERROR payment-service transaction record failed order=ord_9018 code=POOL_EXHAUSTED
2026-09-27T16:04:31.000Z INFO api-gateway request routed order=ord_9019
2026-09-27T16:04:31.300Z INFO payment-service gateway.charge succeeded order=ord_9019 latency=499ms
2026-09-27T16:04:31.350Z ERROR db-pool connection pool exhausted order=ord_9019 code=POOL_EXHAUSTED active=5 max=5
2026-09-27T16:04:40.000Z INFO api-gateway request routed order=ord_9020
2026-09-27T16:04:40.300Z INFO payment-service gateway.charge succeeded order=ord_9020 latency=500ms
2026-09-27T16:04:40.350Z ERROR db-pool connection pool exhausted order=ord_9020 code=POOL_EXHAUSTED active=5 max=5
2026-09-27T16:04:40.500Z INFO notify-worker confirmation email queued order=ord_9020
2026-09-27T16:04:49.000Z INFO api-gateway request routed order=ord_9021
2026-09-27T16:04:49.300Z INFO payment-service gateway.charge succeeded order=ord_9021 latency=501ms
2026-09-27T16:04:49.350Z ERROR db-pool connection pool exhausted order=ord_9021 code=POOL_EXHAUSTED active=5 max=5
2026-09-27T16:04:58.000Z INFO api-gateway request routed order=ord_9022
2026-09-27T16:04:58.300Z INFO payment-service gateway.charge succeeded order=ord_9022 latency=502ms
2026-09-27T16:04:58.350Z ERROR db-pool connection pool exhausted order=ord_9022 code=POOL_EXHAUSTED active=5 max=5
2026-09-27T16:04:58.400Z ERROR payment-service transaction record failed order=ord_9022 code=POOL_EXHAUSTED
2026-09-27T16:05:07.000Z INFO api-gateway request routed order=ord_9023
2026-09-27T16:05:07.300Z INFO payment-service gateway.charge succeeded order=ord_9023 latency=503ms
2026-09-27T16:05:07.350Z ERROR db-pool connection pool exhausted order=ord_9023 code=POOL_EXHAUSTED active=5 max=5
2026-09-27T16:05:16.000Z INFO api-gateway request routed order=ord_9024
2026-09-27T16:05:16.300Z INFO payment-service gateway.charge succeeded order=ord_9024 latency=504ms
2026-09-27T16:05:16.350Z ERROR db-pool connection pool exhausted order=ord_9024 code=POOL_EXHAUSTED active=5 max=5
2026-09-27T16:05:25.000Z INFO api-gateway request routed order=ord_9025
2026-09-27T16:05:25.300Z INFO payment-service gateway.charge succeeded order=ord_9025 latency=505ms
2026-09-27T16:05:25.350Z ERROR db-pool connection pool exhausted order=ord_9025 code=POOL_EXHAUSTED active=5 max=5
2026-09-27T16:05:25.500Z INFO notify-worker confirmation email queued order=ord_9025
2026-09-27T16:05:34.000Z INFO api-gateway request routed order=ord_9026
2026-09-27T16:05:34.300Z INFO payment-service gateway.charge succeeded order=ord_9026 latency=506ms
2026-09-27T16:05:34.350Z ERROR db-pool connection pool exhausted order=ord_9026 code=POOL_EXHAUSTED active=5 max=5
2026-09-27T16:05:34.400Z ERROR payment-service transaction record failed order=ord_9026 code=POOL_EXHAUSTED
2026-09-27T16:05:43.000Z INFO api-gateway request routed order=ord_9027
2026-09-27T16:05:43.300Z INFO payment-service gateway.charge succeeded order=ord_9027 latency=507ms
2026-09-27T16:05:43.350Z ERROR db-pool connection pool exhausted order=ord_9027 code=POOL_EXHAUSTED active=5 max=5
2026-09-27T16:05:52.000Z INFO api-gateway request routed order=ord_9028
2026-09-27T16:05:52.300Z INFO payment-service gateway.charge succeeded order=ord_9028 latency=508ms
2026-09-27T16:05:52.350Z ERROR db-pool connection pool exhausted order=ord_9028 code=POOL_EXHAUSTED active=5 max=5
2026-09-27T16:06:01.000Z INFO api-gateway request routed order=ord_9029
2026-09-27T16:06:01.300Z INFO payment-service gateway.charge succeeded order=ord_9029 latency=509ms
2026-09-27T16:06:01.350Z ERROR db-pool connection pool exhausted order=ord_9029 code=POOL_EXHAUSTED active=5 max=5
2026-09-27T16:06:10.000Z INFO api-gateway request routed order=ord_9030
2026-09-27T16:06:10.300Z INFO payment-service gateway.charge succeeded order=ord_9030 latency=510ms
2026-09-27T16:06:10.350Z ERROR db-pool connection pool exhausted order=ord_9030 code=POOL_EXHAUSTED active=5 max=5
2026-09-27T16:06:10.400Z ERROR payment-service transaction record failed order=ord_9030 code=POOL_EXHAUSTED
2026-09-27T16:06:10.500Z INFO notify-worker confirmation email queued order=ord_9030
2026-09-27T16:06:19.000Z INFO api-gateway request routed order=ord_9031
2026-09-27T16:06:19.300Z INFO payment-service gateway.charge succeeded order=ord_9031 latency=511ms
2026-09-27T16:06:19.350Z ERROR db-pool connection pool exhausted order=ord_9031 code=POOL_EXHAUSTED active=5 max=5
2026-09-27T16:06:28.000Z INFO api-gateway request routed order=ord_9032
2026-09-27T16:06:28.300Z INFO payment-service gateway.charge succeeded order=ord_9032 latency=512ms
2026-09-27T16:06:28.350Z ERROR db-pool connection pool exhausted order=ord_9032 code=POOL_EXHAUSTED active=5 max=5
2026-09-27T16:06:37.000Z INFO api-gateway request routed order=ord_9033
2026-09-27T16:06:37.300Z INFO payment-service gateway.charge succeeded order=ord_9033 latency=513ms
2026-09-27T16:06:37.350Z ERROR db-pool connection pool exhausted order=ord_9033 code=POOL_EXHAUSTED active=5 max=5
2026-09-27T16:06:46.000Z INFO api-gateway request routed order=ord_9034
2026-09-27T16:06:46.300Z INFO payment-service gateway.charge succeeded order=ord_9034 latency=514ms
2026-09-27T16:06:46.350Z ERROR db-pool connection pool exhausted order=ord_9034 code=POOL_EXHAUSTED active=5 max=5
2026-09-27T16:06:46.400Z ERROR payment-service transaction record failed order=ord_9034 code=POOL_EXHAUSTED
2026-09-27T16:06:55.000Z INFO api-gateway request routed order=ord_9035
2026-09-27T16:06:55.300Z INFO payment-service gateway.charge succeeded order=ord_9035 latency=515ms
2026-09-27T16:06:55.350Z ERROR db-pool connection pool exhausted order=ord_9035 code=POOL_EXHAUSTED active=5 max=5
2026-09-27T16:06:55.500Z INFO notify-worker confirmation email queued order=ord_9035
2026-09-27T16:07:04.000Z INFO api-gateway request routed order=ord_9036
2026-09-27T16:07:04.300Z INFO payment-service gateway.charge succeeded order=ord_9036 latency=516ms
2026-09-27T16:07:04.350Z ERROR db-pool connection pool exhausted order=ord_9036 code=POOL_EXHAUSTED active=5 max=5
2026-09-27T16:07:13.000Z INFO api-gateway request routed order=ord_9037
2026-09-27T16:07:13.300Z INFO payment-service gateway.charge succeeded order=ord_9037 latency=517ms
2026-09-27T16:07:13.350Z ERROR db-pool connection pool exhausted order=ord_9037 code=POOL_EXHAUSTED active=5 max=5
2026-09-27T16:07:22.000Z INFO api-gateway request routed order=ord_9038
2026-09-27T16:07:22.300Z INFO payment-service gateway.charge succeeded order=ord_9038 latency=518ms
2026-09-27T16:07:22.350Z ERROR db-pool connection pool exhausted order=ord_9038 code=POOL_EXHAUSTED active=5 max=5
2026-09-27T16:07:22.400Z ERROR payment-service transaction record failed order=ord_9038 code=POOL_EXHAUSTED
2026-09-27T16:07:31.000Z INFO api-gateway request routed order=ord_9039
2026-09-27T16:07:31.300Z INFO payment-service gateway.charge succeeded order=ord_9039 latency=519ms
2026-09-27T16:07:31.350Z ERROR db-pool connection pool exhausted order=ord_9039 code=POOL_EXHAUSTED active=5 max=5
