2026-09-27T16:00:00.000Z INFO api-gateway request routed order=ord_9500
2026-09-27T16:00:00.400Z INFO payment-service gateway.charge succeeded order=ord_9500 latency=520ms
2026-09-27T16:00:00.500Z INFO db-pool transaction recorded order=ord_9500
2026-09-27T16:00:00.600Z INFO ledger-worker ledger entry written order=ord_9500
2026-09-27T16:00:00.700Z INFO orders-service order saved order=ord_9500
2026-09-27T16:00:00.800Z INFO notify-worker confirmation email queued order=ord_9500
2026-09-27T16:04:30.000Z ERROR db-pool connection pool exhausted order=ord_9520 code=POOL_EXHAUSTED active=5 max=5
2026-09-27T16:04:30.300Z ERROR payment-service transaction record failed order=ord_9520 code=POOL_EXHAUSTED
2026-09-27T16:04:30.900Z ERROR ledger-worker ledger write failed order=ord_9520 code=POOL_EXHAUSTED
2026-09-27T16:04:31.200Z ERROR orders-service order save failed order=ord_9520 code=POOL_EXHAUSTED
2026-09-27T16:04:31.400Z INFO notify-worker confirmation email queued order=ord_9520
2026-09-27T16:04:39.500Z ERROR db-pool connection pool exhausted order=ord_9521 code=POOL_EXHAUSTED active=5 max=5
2026-09-27T16:04:39.800Z ERROR payment-service transaction record failed order=ord_9521 code=POOL_EXHAUSTED
2026-09-27T16:04:40.400Z ERROR ledger-worker ledger write failed order=ord_9521 code=POOL_EXHAUSTED
2026-09-27T16:04:40.700Z ERROR orders-service order save failed order=ord_9521 code=POOL_EXHAUSTED
2026-09-27T16:04:40.900Z INFO notify-worker confirmation email queued order=ord_9521
2026-09-27T16:04:49.000Z ERROR db-pool connection pool exhausted order=ord_9522 code=POOL_EXHAUSTED active=5 max=5
2026-09-27T16:04:49.300Z ERROR payment-service transaction record failed order=ord_9522 code=POOL_EXHAUSTED
2026-09-27T16:04:49.900Z ERROR ledger-worker ledger write failed order=ord_9522 code=POOL_EXHAUSTED
2026-09-27T16:04:50.200Z ERROR orders-service order save failed order=ord_9522 code=POOL_EXHAUSTED
2026-09-27T16:04:50.400Z INFO notify-worker confirmation email queued order=ord_9522
2026-09-27T16:04:58.500Z ERROR db-pool connection pool exhausted order=ord_9523 code=POOL_EXHAUSTED active=5 max=5
2026-09-27T16:04:58.800Z ERROR payment-service transaction record failed order=ord_9523 code=POOL_EXHAUSTED
2026-09-27T16:04:59.400Z ERROR ledger-worker ledger write failed order=ord_9523 code=POOL_EXHAUSTED
2026-09-27T16:04:59.700Z ERROR orders-service order save failed order=ord_9523 code=POOL_EXHAUSTED
2026-09-27T16:04:59.900Z INFO notify-worker confirmation email queued order=ord_9523
2026-09-27T16:05:08.000Z ERROR db-pool connection pool exhausted order=ord_9524 code=POOL_EXHAUSTED active=5 max=5
2026-09-27T16:05:08.300Z ERROR payment-service transaction record failed order=ord_9524 code=POOL_EXHAUSTED
2026-09-27T16:05:08.900Z ERROR ledger-worker ledger write failed order=ord_9524 code=POOL_EXHAUSTED
2026-09-27T16:05:09.200Z ERROR orders-service order save failed order=ord_9524 code=POOL_EXHAUSTED
2026-09-27T16:05:09.400Z INFO notify-worker confirmation email queued order=ord_9524
2026-09-27T16:05:17.500Z ERROR db-pool connection pool exhausted order=ord_9525 code=POOL_EXHAUSTED active=5 max=5
2026-09-27T16:05:17.800Z ERROR payment-service transaction record failed order=ord_9525 code=POOL_EXHAUSTED
2026-09-27T16:05:18.400Z ERROR ledger-worker ledger write failed order=ord_9525 code=POOL_EXHAUSTED
2026-09-27T16:05:18.700Z ERROR orders-service order save failed order=ord_9525 code=POOL_EXHAUSTED
2026-09-27T16:05:18.900Z INFO notify-worker confirmation email queued order=ord_9525
2026-09-27T16:05:27.000Z ERROR db-pool connection pool exhausted order=ord_9526 code=POOL_EXHAUSTED active=5 max=5
2026-09-27T16:05:27.300Z ERROR payment-service transaction record failed order=ord_9526 code=POOL_EXHAUSTED
2026-09-27T16:05:27.900Z ERROR ledger-worker ledger write failed order=ord_9526 code=POOL_EXHAUSTED
2026-09-27T16:05:28.200Z ERROR orders-service order save failed order=ord_9526 code=POOL_EXHAUSTED
2026-09-27T16:05:28.400Z INFO notify-worker confirmation email queued order=ord_9526
2026-09-27T16:05:36.500Z ERROR db-pool connection pool exhausted order=ord_9527 code=POOL_EXHAUSTED active=5 max=5
2026-09-27T16:05:36.800Z ERROR payment-service transaction record failed order=ord_9527 code=POOL_EXHAUSTED
2026-09-27T16:05:37.400Z ERROR ledger-worker ledger write failed order=ord_9527 code=POOL_EXHAUSTED
2026-09-27T16:05:37.700Z ERROR orders-service order save failed order=ord_9527 code=POOL_EXHAUSTED
2026-09-27T16:05:37.900Z INFO notify-worker confirmation email queued order=ord_9527
2026-09-27T16:05:46.000Z ERROR db-pool connection pool exhausted order=ord_9528 code=POOL_EXHAUSTED active=5 max=5
2026-09-27T16:05:46.300Z ERROR payment-service transaction record failed order=ord_9528 code=POOL_EXHAUSTED
2026-09-27T16:05:46.900Z ERROR ledger-worker ledger write failed order=ord_9528 code=POOL_EXHAUSTED
2026-09-27T16:05:47.200Z ERROR orders-service order save failed order=ord_9528 code=POOL_EXHAUSTED
2026-09-27T16:05:47.400Z INFO notify-worker confirmation email queued order=ord_9528
2026-09-27T16:05:55.500Z ERROR db-pool connection pool exhausted order=ord_9529 code=POOL_EXHAUSTED active=5 max=5
2026-09-27T16:05:55.800Z ERROR payment-service transaction record failed order=ord_9529 code=POOL_EXHAUSTED
2026-09-27T16:05:56.400Z ERROR ledger-worker ledger write failed order=ord_9529 code=POOL_EXHAUSTED
2026-09-27T16:05:56.700Z ERROR orders-service order save failed order=ord_9529 code=POOL_EXHAUSTED
2026-09-27T16:05:56.900Z INFO notify-worker confirmation email queued order=ord_9529
2026-09-27T16:06:05.000Z ERROR db-pool connection pool exhausted order=ord_9530 code=POOL_EXHAUSTED active=5 max=5
2026-09-27T16:06:05.300Z ERROR payment-service transaction record failed order=ord_9530 code=POOL_EXHAUSTED
2026-09-27T16:06:05.900Z ERROR ledger-worker ledger write failed order=ord_9530 code=POOL_EXHAUSTED
2026-09-27T16:06:06.200Z ERROR orders-service order save failed order=ord_9530 code=POOL_EXHAUSTED
2026-09-27T16:06:06.400Z INFO notify-worker confirmation email queued order=ord_9530
2026-09-27T16:06:14.500Z ERROR db-pool connection pool exhausted order=ord_9531 code=POOL_EXHAUSTED active=5 max=5
2026-09-27T16:06:14.800Z ERROR payment-service transaction record failed order=ord_9531 code=POOL_EXHAUSTED
2026-09-27T16:06:15.400Z ERROR ledger-worker ledger write failed order=ord_9531 code=POOL_EXHAUSTED
2026-09-27T16:06:15.700Z ERROR orders-service order save failed order=ord_9531 code=POOL_EXHAUSTED
2026-09-27T16:06:15.900Z INFO notify-worker confirmation email queued order=ord_9531
2026-09-27T16:06:24.000Z ERROR db-pool connection pool exhausted order=ord_9532 code=POOL_EXHAUSTED active=5 max=5
2026-09-27T16:06:24.300Z ERROR payment-service transaction record failed order=ord_9532 code=POOL_EXHAUSTED
2026-09-27T16:06:24.900Z ERROR ledger-worker ledger write failed order=ord_9532 code=POOL_EXHAUSTED
2026-09-27T16:06:25.200Z ERROR orders-service order save failed order=ord_9532 code=POOL_EXHAUSTED
2026-09-27T16:06:25.400Z INFO notify-worker confirmation email queued order=ord_9532
2026-09-27T16:06:33.500Z ERROR db-pool connection pool exhausted order=ord_9533 code=POOL_EXHAUSTED active=5 max=5
2026-09-27T16:06:33.800Z ERROR payment-service transaction record failed order=ord_9533 code=POOL_EXHAUSTED
2026-09-27T16:06:34.400Z ERROR ledger-worker ledger write failed order=ord_9533 code=POOL_EXHAUSTED
2026-09-27T16:06:34.700Z ERROR orders-service order save failed order=ord_9533 code=POOL_EXHAUSTED
2026-09-27T16:06:34.900Z INFO notify-worker confirmation email queued order=ord_9533
2026-09-27T16:06:43.000Z ERROR db-pool connection pool exhausted order=ord_9534 code=POOL_EXHAUSTED active=5 max=5
2026-09-27T16:06:43.300Z ERROR payment-service transaction record failed order=ord_9534 code=POOL_EXHAUSTED
2026-09-27T16:06:43.900Z ERROR ledger-worker ledger write failed order=ord_9534 code=POOL_EXHAUSTED
2026-09-27T16:06:44.200Z ERROR orders-service order save failed order=ord_9534 code=POOL_EXHAUSTED
2026-09-27T16:06:44.400Z INFO notify-worker confirmation email queued order=ord_9534
2026-09-27T16:06:45.000Z WARN api-gateway elevated error rate downstream 5xx=15 window=60s
2026-09-27T16:06:52.500Z ERROR db-pool connection pool exhausted order=ord_9535 code=POOL_EXHAUSTED active=5 max=5
2026-09-27T16:06:52.800Z ERROR payment-service transaction record failed order=ord_9535 code=POOL_EXHAUSTED
2026-09-27T16:06:53.400Z ERROR ledger-worker ledger write failed order=ord_9535 code=POOL_EXHAUSTED
2026-09-27T16:06:53.700Z ERROR orders-service order save failed order=ord_9535 code=POOL_EXHAUSTED
2026-09-27T16:06:53.900Z INFO notify-worker confirmation email queued order=ord_9535
2026-09-27T16:07:02.000Z ERROR db-pool connection pool exhausted order=ord_9536 code=POOL_EXHAUSTED active=5 max=5
2026-09-27T16:07:02.300Z ERROR payment-service transaction record failed order=ord_9536 code=POOL_EXHAUSTED
2026-09-27T16:07:02.900Z ERROR ledger-worker ledger write failed order=ord_9536 code=POOL_EXHAUSTED
2026-09-27T16:07:03.200Z ERROR orders-service order save failed order=ord_9536 code=POOL_EXHAUSTED
2026-09-27T16:07:03.400Z INFO notify-worker confirmation email queued order=ord_9536
2026-09-27T16:07:11.500Z ERROR db-pool connection pool exhausted order=ord_9537 code=POOL_EXHAUSTED active=5 max=5
2026-09-27T16:07:11.800Z ERROR payment-service transaction record failed order=ord_9537 code=POOL_EXHAUSTED
2026-09-27T16:07:12.400Z ERROR ledger-worker ledger write failed order=ord_9537 code=POOL_EXHAUSTED
2026-09-27T16:07:12.700Z ERROR orders-service order save failed order=ord_9537 code=POOL_EXHAUSTED
2026-09-27T16:07:12.900Z INFO notify-worker confirmation email queued order=ord_9537
2026-09-27T16:07:21.000Z ERROR db-pool connection pool exhausted order=ord_9538 code=POOL_EXHAUSTED active=5 max=5
2026-09-27T16:07:21.300Z ERROR payment-service transaction record failed order=ord_9538 code=POOL_EXHAUSTED
2026-09-27T16:07:21.900Z ERROR ledger-worker ledger write failed order=ord_9538 code=POOL_EXHAUSTED
2026-09-27T16:07:22.200Z ERROR orders-service order save failed order=ord_9538 code=POOL_EXHAUSTED
2026-09-27T16:07:22.400Z INFO notify-worker confirmation email queued order=ord_9538
2026-09-27T16:07:30.500Z ERROR db-pool connection pool exhausted order=ord_9539 code=POOL_EXHAUSTED active=5 max=5
2026-09-27T16:07:30.800Z ERROR payment-service transaction record failed order=ord_9539 code=POOL_EXHAUSTED
2026-09-27T16:07:31.400Z ERROR ledger-worker ledger write failed order=ord_9539 code=POOL_EXHAUSTED
2026-09-27T16:07:31.700Z ERROR orders-service order save failed order=ord_9539 code=POOL_EXHAUSTED
2026-09-27T16:07:31.900Z INFO notify-worker confirmation email queued order=ord_9539
2026-09-27T16:07:40.000Z ERROR db-pool connection pool exhausted order=ord_9540 code=POOL_EXHAUSTED active=5 max=5
2026-09-27T16:07:40.300Z ERROR payment-service transaction record failed order=ord_9540 code=POOL_EXHAUSTED
2026-09-27T16:07:40.900Z ERROR ledger-worker ledger write failed order=ord_9540 code=POOL_EXHAUSTED
2026-09-27T16:07:41.200Z ERROR orders-service order save failed order=ord_9540 code=POOL_EXHAUSTED
2026-09-27T16:07:41.400Z INFO notify-worker confirmation email queued order=ord_9540
2026-09-27T16:07:49.500Z ERROR db-pool connection pool exhausted order=ord_9541 code=POOL_EXHAUSTED active=5 max=5
2026-09-27T16:07:49.800Z ERROR payment-service transaction record failed order=ord_9541 code=POOL_EXHAUSTED
2026-09-27T16:07:50.400Z ERROR ledger-worker ledger write failed order=ord_9541 code=POOL_EXHAUSTED
2026-09-27T16:07:50.700Z ERROR orders-service order save failed order=ord_9541 code=POOL_EXHAUSTED
2026-09-27T16:07:50.900Z INFO notify-worker confirmation email queued order=ord_9541
2026-09-27T16:07:59.000Z ERROR db-pool connection pool exhausted order=ord_9542 code=POOL_EXHAUSTED active=5 max=5
2026-09-27T16:07:59.300Z ERROR payment-service transaction record failed order=ord_9542 code=POOL_EXHAUSTED
2026-09-27T16:07:59.900Z ERROR ledger-worker ledger write failed order=ord_9542 code=POOL_EXHAUSTED
2026-09-27T16:08:00.200Z ERROR orders-service order save failed order=ord_9542 code=POOL_EXHAUSTED
2026-09-27T16:08:00.400Z INFO notify-worker confirmation email queued order=ord_9542
2026-09-27T16:08:08.500Z ERROR db-pool connection pool exhausted order=ord_9543 code=POOL_EXHAUSTED active=5 max=5
2026-09-27T16:08:08.800Z ERROR payment-service transaction record failed order=ord_9543 code=POOL_EXHAUSTED
2026-09-27T16:08:09.400Z ERROR ledger-worker ledger write failed order=ord_9543 code=POOL_EXHAUSTED
2026-09-27T16:08:09.700Z ERROR orders-service order save failed order=ord_9543 code=POOL_EXHAUSTED
2026-09-27T16:08:09.900Z INFO notify-worker confirmation email queued order=ord_9543
2026-09-27T16:08:18.000Z ERROR db-pool connection pool exhausted order=ord_9544 code=POOL_EXHAUSTED active=5 max=5
2026-09-27T16:08:18.300Z ERROR payment-service transaction record failed order=ord_9544 code=POOL_EXHAUSTED
2026-09-27T16:08:18.900Z ERROR ledger-worker ledger write failed order=ord_9544 code=POOL_EXHAUSTED
2026-09-27T16:08:19.200Z ERROR orders-service order save failed order=ord_9544 code=POOL_EXHAUSTED
2026-09-27T16:08:19.400Z INFO notify-worker confirmation email queued order=ord_9544
2026-09-27T16:08:27.500Z ERROR db-pool connection pool exhausted order=ord_9545 code=POOL_EXHAUSTED active=5 max=5
2026-09-27T16:08:27.800Z ERROR payment-service transaction record failed order=ord_9545 code=POOL_EXHAUSTED
2026-09-27T16:08:28.400Z ERROR ledger-worker ledger write failed order=ord_9545 code=POOL_EXHAUSTED
2026-09-27T16:08:28.700Z ERROR orders-service order save failed order=ord_9545 code=POOL_EXHAUSTED
2026-09-27T16:08:28.900Z INFO notify-worker confirmation email queued order=ord_9545
2026-09-27T16:08:37.000Z ERROR db-pool connection pool exhausted order=ord_9546 code=POOL_EXHAUSTED active=5 max=5
2026-09-27T16:08:37.300Z ERROR payment-service transaction record failed order=ord_9546 code=POOL_EXHAUSTED
2026-09-27T16:08:37.900Z ERROR ledger-worker ledger write failed order=ord_9546 code=POOL_EXHAUSTED
2026-09-27T16:08:38.200Z ERROR orders-service order save failed order=ord_9546 code=POOL_EXHAUSTED
2026-09-27T16:08:38.400Z INFO notify-worker confirmation email queued order=ord_9546
2026-09-27T16:08:46.500Z ERROR db-pool connection pool exhausted order=ord_9547 code=POOL_EXHAUSTED active=5 max=5
2026-09-27T16:08:46.800Z ERROR payment-service transaction record failed order=ord_9547 code=POOL_EXHAUSTED
2026-09-27T16:08:47.400Z ERROR ledger-worker ledger write failed order=ord_9547 code=POOL_EXHAUSTED
2026-09-27T16:08:47.700Z ERROR orders-service order save failed order=ord_9547 code=POOL_EXHAUSTED
2026-09-27T16:08:47.900Z INFO notify-worker confirmation email queued order=ord_9547
2026-09-27T16:08:56.000Z ERROR db-pool connection pool exhausted order=ord_9548 code=POOL_EXHAUSTED active=5 max=5
2026-09-27T16:08:56.300Z ERROR payment-service transaction record failed order=ord_9548 code=POOL_EXHAUSTED
2026-09-27T16:08:56.900Z ERROR ledger-worker ledger write failed order=ord_9548 code=POOL_EXHAUSTED
2026-09-27T16:08:57.200Z ERROR orders-service order save failed order=ord_9548 code=POOL_EXHAUSTED
2026-09-27T16:08:57.400Z INFO notify-worker confirmation email queued order=ord_9548
2026-09-27T16:09:05.500Z ERROR db-pool connection pool exhausted order=ord_9549 code=POOL_EXHAUSTED active=5 max=5
2026-09-27T16:09:05.800Z ERROR payment-service transaction record failed order=ord_9549 code=POOL_EXHAUSTED
2026-09-27T16:09:06.400Z ERROR ledger-worker ledger write failed order=ord_9549 code=POOL_EXHAUSTED
2026-09-27T16:09:06.700Z ERROR orders-service order save failed order=ord_9549 code=POOL_EXHAUSTED
2026-09-27T16:09:06.900Z INFO notify-worker confirmation email queued order=ord_9549
